// Jest Snapshot v1, https://goo.gl/fbAQLP

exports[`Villager component renders Villager 1`] = `
<DocumentFragment>
  <a
    href="/undefined"
  >
    <figure>
      <img
        alt="Booger"
        src="https://image.com/image.jpeg"
      />
      <figcaption>
        <p>
          Booger
        </p>
        <p>
          Snot
        </p>
        <p>
          Ooga Booga
        </p>
      </figcaption>
    </figure>
  </a>
</DocumentFragment>
`;
